Release 14.7 - xst P.20131013 (nt64)
Copyright (c) 1995-2013 Xilinx, Inc.  All rights reserved.
--> Parameter TMPDIR set to xst/projnav.tmp


Total REAL time to Xst completion: 0.00 secs
Total CPU time to Xst completion: 0.13 secs
 
--> Parameter xsthdpdir set to xst


Total REAL time to Xst completion: 0.00 secs
Total CPU time to Xst completion: 0.13 secs
 
--> Reading design: cpu_16bit_top.prj

TABLE OF CONTENTS
  1) Synthesis Options Summary
  2) HDL Compilation
  3) Design Hierarchy Analysis
  4) HDL Analysis
  5) HDL Synthesis
     5.1) HDL Synthesis Report
  6) Advanced HDL Synthesis
     6.1) Advanced HDL Synthesis Report
  7) Low Level Synthesis
  8) Partition Report
  9) Final Report
	9.1) Device utilization summary
	9.2) Partition Resource Summary
	9.3) TIMING REPORT


=========================================================================
*                      Synthesis Options Summary                        *
=========================================================================
---- Source Parameters
Input File Name                    : "cpu_16bit_top.prj"
Input Format                       : mixed
Ignore Synthesis Constraint File   : NO

---- Target Parameters
Output File Name                   : "cpu_16bit_top"
Output Format                      : NGC
Target Device                      : xc3s1200e-5-fg320

---- Source Options
Top Module Name                    : cpu_16bit_top
Automatic FSM Extraction           : YES
FSM Encoding Algorithm             : Auto
Safe Implementation                : No
FSM Style                          : LUT
RAM Extraction                     : Yes
RAM Style                          : Auto
ROM Extraction                     : Yes
Mux Style                          : Auto
Decoder Extraction                 : YES
Priority Encoder Extraction        : Yes
Shift Register Extraction          : YES
Logical Shifter Extraction         : YES
XOR Collapsing                     : YES
ROM Style                          : Auto
Mux Extraction                     : Yes
Resource Sharing                   : YES
Asynchronous To Synchronous        : NO
Multiplier Style                   : Auto
Automatic Register Balancing       : No

---- Target Options
Add IO Buffers                     : YES
Global Maximum Fanout              : 100000
Add Generic Clock Buffer(BUFG)     : 24
Register Duplication               : YES
Slice Packing                      : YES
Optimize Instantiated Primitives   : NO
Use Clock Enable                   : Yes
Use Synchronous Set                : Yes
Use Synchronous Reset              : Yes
Pack IO Registers into IOBs        : Auto
Equivalent register Removal        : YES

---- General Options
Optimization Goal                  : Speed
Optimization Effort                : 1
Keep Hierarchy                     : No
Netlist Hierarchy                  : As_Optimized
RTL Output                         : Yes
Global Optimization                : AllClockNets
Read Cores                         : YES
Write Timing Constraints           : NO
Cross Clock Analysis               : NO
Hierarchy Separator                : /
Bus Delimiter                      : <>
Case Specifier                     : Maintain
Slice Utilization Ratio            : 100
BRAM Utilization Ratio             : 100
Verilog 2001                       : YES
Auto BRAM Packing                  : NO
Slice Utilization Ratio Delta      : 5

---- Other Options
Cores Search Directories           : {"Y:/Desktop/desptop/CPU_MIPS"  }

=========================================================================


=========================================================================
*                          HDL Compilation                              *
=========================================================================
Compiling vhdl file "//mac/home/Desktop/desptop/CPU_MIPS/alu_defination.vhd" in Library work.
Compiling vhdl file "//mac/home/Desktop/desptop/CPU_MIPS/components.vhd" in Library work.
Compiling vhdl file "//mac/home/Desktop/desptop/CPU_MIPS/Muxpc.vhd" in Library work.
Architecture behavioral of Entity muxpc is up to date.
Compiling vhdl file "//mac/home/Desktop/desptop/CPU_MIPS/pc.vhd" in Library work.
Architecture behavioral of Entity pc is up to date.
Compiling vhdl file "//mac/home/Desktop/desptop/CPU_MIPS/IFID_Reg.vhd" in Library work.
Architecture behavioral of Entity ifid_reg is up to date.
Compiling vhdl file "//mac/home/Desktop/desptop/CPU_MIPS/registers.vhd" in Library work.
Architecture behavioral of Entity registers is up to date.
Compiling vhdl file "//mac/home/Desktop/desptop/CPU_MIPS/ctrl_unit.vhd" in Library work.
Architecture behavioral of Entity ctrl_unit is up to date.
Compiling vhdl file "//mac/home/Desktop/desptop/CPU_MIPS/equal_unit.vhd" in Library work.
Architecture behavioral of Entity equal_unit is up to date.
Compiling vhdl file "//mac/home/Desktop/desptop/CPU_MIPS/IDEX_Reg.vhd" in Library work.
Architecture behavioral of Entity idex_reg is up to date.
Compiling vhdl file "//mac/home/Desktop/desptop/CPU_MIPS/Muxa.vhd" in Library work.
Architecture behavioral of Entity muxa is up to date.
Compiling vhdl file "//mac/home/Desktop/desptop/CPU_MIPS/Muxb.vhd" in Library work.
Architecture behavioral of Entity muxb is up to date.
Compiling vhdl file "//mac/home/Desktop/desptop/CPU_MIPS/EXMEM_Reg.vhd" in Library work.
Architecture behavioral of Entity exmem_reg is up to date.
Compiling vhdl file "//mac/home/Desktop/desptop/CPU_MIPS/MEMWB_Reg.vhd" in Library work.
Architecture behavioral of Entity memwb_reg is up to date.
Compiling vhdl file "//mac/home/Desktop/desptop/CPU_MIPS/bypass_unit.vhd" in Library work.
Entity <bypass_unit> compiled.
Entity <bypass_unit> (Architecture <behavioral>) compiled.
Compiling vhdl file "//mac/home/Desktop/desptop/CPU_MIPS/hazard_unit.vhd" in Library work.
Architecture behavioral of Entity hazard_unit is up to date.
Compiling vhdl file "//mac/home/Desktop/desptop/CPU_MIPS/memory.vhd" in Library work.
Architecture behavioral of Entity mymemory is up to date.
Compiling vhdl file "//mac/home/Desktop/desptop/CPU_MIPS/alu.vhd" in Library work.
Architecture behavioral of Entity alu is up to date.
Compiling vhdl file "//mac/home/Desktop/desptop/CPU_MIPS/Adder.vhd" in Library work.
Architecture behavioral of Entity adder is up to date.
Compiling vhdl file "//mac/home/Desktop/desptop/CPU_MIPS/cpu_16bit_top.vhd" in Library work.
Architecture behavioral of Entity cpu_16bit_top is up to date.

=========================================================================
*                     Design Hierarchy Analysis                         *
=========================================================================
Analyzing hierarchy for entity <cpu_16bit_top> in library <work> (architecture <behavioral>).

Analyzing hierarchy for entity <Muxpc> in library <work> (architecture <behavioral>).

Analyzing hierarchy for entity <PC> in library <work> (architecture <behavioral>).

Analyzing hierarchy for entity <IFID_Reg> in library <work> (architecture <behavioral>).

Analyzing hierarchy for entity <registers> in library <work> (architecture <behavioral>).

Analyzing hierarchy for entity <ctrl_unit> in library <work> (architecture <behavioral>).

Analyzing hierarchy for entity <equal_unit> in library <work> (architecture <behavioral>).

Analyzing hierarchy for entity <IDEX_Reg> in library <work> (architecture <behavioral>).

Analyzing hierarchy for entity <Muxa> in library <work> (architecture <behavioral>).

Analyzing hierarchy for entity <Muxb> in library <work> (architecture <behavioral>).

Analyzing hierarchy for entity <EXMEM_Reg> in library <work> (architecture <behavioral>).

Analyzing hierarchy for entity <MEMWB_Reg> in library <work> (architecture <behavioral>).

Analyzing hierarchy for entity <bypass_unit> in library <work> (architecture <behavioral>).

Analyzing hierarchy for entity <hazard_unit> in library <work> (architecture <behavioral>).

Analyzing hierarchy for entity <mymemory> in library <work> (architecture <behavioral>).

Analyzing hierarchy for entity <ALU> in library <work> (architecture <behavioral>).

Analyzing hierarchy for entity <Adder> in library <work> (architecture <behavioral>).


=========================================================================
*                            HDL Analysis                               *
=========================================================================
Analyzing Entity <cpu_16bit_top> in library <work> (Architecture <behavioral>).
Entity <cpu_16bit_top> analyzed. Unit <cpu_16bit_top> generated.

Analyzing Entity <Muxpc> in library <work> (Architecture <behavioral>).
Entity <Muxpc> analyzed. Unit <Muxpc> generated.

Analyzing Entity <PC> in library <work> (Architecture <behavioral>).
Entity <PC> analyzed. Unit <PC> generated.

Analyzing Entity <IFID_Reg> in library <work> (Architecture <behavioral>).
Entity <IFID_Reg> analyzed. Unit <IFID_Reg> generated.

Analyzing Entity <registers> in library <work> (Architecture <behavioral>).
INFO:Xst:1561 - "//mac/home/Desktop/desptop/CPU_MIPS/registers.vhd" line 51: Mux is complete : default of case is discarded
WARNING:Xst:819 - "//mac/home/Desktop/desptop/CPU_MIPS/registers.vhd" line 40: One or more signals are missing in the process sensitivity list. To enable synthesis of FPGA/CPLD hardware, XST will assume that all necessary signals are present in the sensitivity list. Please note that the result of the synthesis may differ from the initial design specification. The missing signals are:
   <reg_num>
INFO:Xst:1561 - "//mac/home/Desktop/desptop/CPU_MIPS/registers.vhd" line 75: Mux is complete : default of case is discarded
INFO:Xst:1561 - "//mac/home/Desktop/desptop/CPU_MIPS/registers.vhd" line 93: Mux is complete : default of case is discarded
Entity <registers> analyzed. Unit <registers> generated.

Analyzing Entity <ctrl_unit> in library <work> (Architecture <behavioral>).
WARNING:Xst:819 - "//mac/home/Desktop/desptop/CPU_MIPS/ctrl_unit.vhd" line 25: One or more signals are missing in the process sensitivity list. To enable synthesis of FPGA/CPLD hardware, XST will assume that all necessary signals are present in the sensitivity list. Please note that the result of the synthesis may differ from the initial design specification. The missing signals are:
   <pc>
Entity <ctrl_unit> analyzed. Unit <ctrl_unit> generated.

Analyzing Entity <equal_unit> in library <work> (Architecture <behavioral>).
Entity <equal_unit> analyzed. Unit <equal_unit> generated.

Analyzing Entity <IDEX_Reg> in library <work> (Architecture <behavioral>).
Entity <IDEX_Reg> analyzed. Unit <IDEX_Reg> generated.

Analyzing Entity <Muxa> in library <work> (Architecture <behavioral>).
Entity <Muxa> analyzed. Unit <Muxa> generated.

Analyzing Entity <Muxb> in library <work> (Architecture <behavioral>).
Entity <Muxb> analyzed. Unit <Muxb> generated.

Analyzing Entity <EXMEM_Reg> in library <work> (Architecture <behavioral>).
Entity <EXMEM_Reg> analyzed. Unit <EXMEM_Reg> generated.

Analyzing Entity <MEMWB_Reg> in library <work> (Architecture <behavioral>).
Entity <MEMWB_Reg> analyzed. Unit <MEMWB_Reg> generated.

Analyzing Entity <bypass_unit> in library <work> (Architecture <behavioral>).
Entity <bypass_unit> analyzed. Unit <bypass_unit> generated.

Analyzing Entity <hazard_unit> in library <work> (Architecture <behavioral>).
Entity <hazard_unit> analyzed. Unit <hazard_unit> generated.

Analyzing Entity <mymemory> in library <work> (Architecture <behavioral>).
WARNING:Xst:819 - "//mac/home/Desktop/desptop/CPU_MIPS/memory.vhd" line 88: One or more signals are missing in the process sensitivity list. To enable synthesis of FPGA/CPLD hardware, XST will assume that all necessary signals are present in the sensitivity list. Please note that the result of the synthesis may differ from the initial design specification. The missing signals are:
   <BF01>
Entity <mymemory> analyzed. Unit <mymemory> generated.

Analyzing Entity <ALU> in library <work> (Architecture <behavioral>).
Entity <ALU> analyzed. Unit <ALU> generated.

Analyzing Entity <Adder> in library <work> (Architecture <behavioral>).
Entity <Adder> analyzed. Unit <Adder> generated.


=========================================================================
*                           HDL Synthesis                               *
=========================================================================

Performing bidirectional port resolution...

Synthesizing Unit <Muxpc>.
    Related source file is "//mac/home/Desktop/desptop/CPU_MIPS/Muxpc.vhd".
    Found 16-bit 4-to-1 multiplexer for signal <pc_out>.
    Summary:
	inferred  16 Multiplexer(s).
Unit <Muxpc> synthesized.


Synthesizing Unit <PC>.
    Related source file is "//mac/home/Desktop/desptop/CPU_MIPS/pc.vhd".
    Found 16-bit register for signal <PC_out>.
    Summary:
	inferred  16 D-type flip-flop(s).
Unit <PC> synthesized.


Synthesizing Unit <IFID_Reg>.
    Related source file is "//mac/home/Desktop/desptop/CPU_MIPS/IFID_Reg.vhd".
WARNING:Xst:647 - Input <rst> is never used. This port will be preserved and left unconnected if it belongs to a top-level block or it belongs to a sub-block and the hierarchy of this sub-block is preserved.
    Found 16-bit register for signal <PCNext_out>.
    Found 16-bit register for signal <Instruction_out>.
    Summary:
	inferred  32 D-type flip-flop(s).
Unit <IFID_Reg> synthesized.


Synthesizing Unit <registers>.
    Related source file is "//mac/home/Desktop/desptop/CPU_MIPS/registers.vhd".
    Found 16-bit 8-to-1 multiplexer for signal <outB>.
    Found 16-bit register for signal <IH>.
    Found 16-bit register for signal <R0>.
    Found 16-bit register for signal <R1>.
    Found 16-bit register for signal <R2>.
    Found 16-bit register for signal <R3>.
    Found 16-bit register for signal <R4>.
    Found 16-bit register for signal <R5>.
    Found 16-bit register for signal <R6>.
    Found 16-bit register for signal <R7>.
    Found 16-bit register for signal <RA>.
    Found 16-bit register for signal <SP>.
    Found 1-bit register for signal <T>.
    Summary:
	inferred 177 D-type flip-flop(s).
	inferred  16 Multiplexer(s).
Unit <registers> synthesized.


Synthesizing Unit <ctrl_unit>.
    Related source file is "//mac/home/Desktop/desptop/CPU_MIPS/ctrl_unit.vhd".
WARNING:Xst:737 - Found 4-bit latch for signal <rega>. Latches may be generated from incomplete case or if statements. We do not recommend the use of latches in FPGA/CPLD designs, as they may lead to timing problems.
INFO:Xst:2371 - HDL ADVISOR - Logic functions respectively driving the data and gate enable inputs of this latch share common terms. This situation will potentially lead to setup/hold violations and, as a result, to simulation problems. This situation may come from an incomplete case statement (all selector values are not covered). You should carefully review if it was in your intentions to describe such a latch.
WARNING:Xst:737 - Found 3-bit latch for signal <RegWrite>. Latches may be generated from incomplete case or if statements. We do not recommend the use of latches in FPGA/CPLD designs, as they may lead to timing problems.
INFO:Xst:2371 - HDL ADVISOR - Logic functions respectively driving the data and gate enable inputs of this latch share common terms. This situation will potentially lead to setup/hold violations and, as a result, to simulation problems. This situation may come from an incomplete case statement (all selector values are not covered). You should carefully review if it was in your intentions to describe such a latch.
WARNING:Xst:737 - Found 4-bit latch for signal <ALUOp>. Latches may be generated from incomplete case or if statements. We do not recommend the use of latches in FPGA/CPLD designs, as they may lead to timing problems.
INFO:Xst:2371 - HDL ADVISOR - Logic functions respectively driving the data and gate enable inputs of this latch share common terms. This situation will potentially lead to setup/hold violations and, as a result, to simulation problems. This situation may come from an incomplete case statement (all selector values are not covered). You should carefully review if it was in your intentions to describe such a latch.
WARNING:Xst:737 - Found 16-bit latch for signal <immediate>. Latches may be generated from incomplete case or if statements. We do not recommend the use of latches in FPGA/CPLD designs, as they may lead to timing problems.
INFO:Xst:2371 - HDL ADVISOR - Logic functions respectively driving the data and gate enable inputs of this latch share common terms. This situation will potentially lead to setup/hold violations and, as a result, to simulation problems. This situation may come from an incomplete case statement (all selector values are not covered). You should carefully review if it was in your intentions to describe such a latch.
WARNING:Xst:737 - Found 3-bit latch for signal <RegDist>. Latches may be generated from incomplete case or if statements. We do not recommend the use of latches in FPGA/CPLD designs, as they may lead to timing problems.
INFO:Xst:2371 - HDL ADVISOR - Logic functions respectively driving the data and gate enable inputs of this latch share common terms. This situation will potentially lead to setup/hold violations and, as a result, to simulation problems. This situation may come from an incomplete case statement (all selector values are not covered). You should carefully review if it was in your intentions to describe such a latch.
WARNING:Xst:737 - Found 1-bit latch for signal <ALUsrc>. Latches may be generated from incomplete case or if statements. We do not recommend the use of latches in FPGA/CPLD designs, as they may lead to timing problems.
INFO:Xst:2371 - HDL ADVISOR - Logic functions respectively driving the data and gate enable inputs of this latch share common terms. This situation will potentially lead to setup/hold violations and, as a result, to simulation problems. This situation may come from an incomplete case statement (all selector values are not covered). You should carefully review if it was in your intentions to describe such a latch.
Unit <ctrl_unit> synthesized.


Synthesizing Unit <equal_unit>.
    Related source file is "//mac/home/Desktop/desptop/CPU_MIPS/equal_unit.vhd".
WARNING:Xst:737 - Found 16-bit latch for signal <jr_reg>. Latches may be generated from incomplete case or if statements. We do not recommend the use of latches in FPGA/CPLD designs, as they may lead to timing problems.
    Found 4x2-bit ROM for signal <pc_src$mux0002> created at line 69.
    Found 3-bit comparator equal for signal <jr_reg$cmp_eq0004> created at line 29.
    Found 3-bit comparator equal for signal <jr_reg$cmp_eq0006> created at line 30.
    Summary:
	inferred   1 ROM(s).
	inferred   2 Comparator(s).
Unit <equal_unit> synthesized.


Synthesizing Unit <IDEX_Reg>.
    Related source file is "//mac/home/Desktop/desptop/CPU_MIPS/IDEX_Reg.vhd".
    Found 3-bit register for signal <out_RegDist>.
    Found 16-bit register for signal <out_rega>.
    Found 16-bit register for signal <out_regb>.
    Found 1-bit register for signal <out_ALUsrc>.
    Found 3-bit register for signal <out_RegWrite>.
    Found 1-bit register for signal <out_MemWrite>.
    Found 4-bit register for signal <out_ALUOp>.
    Found 1-bit register for signal <out_MemtoReg>.
    Found 16-bit register for signal <out_immediate>.
    Found 4-bit register for signal <out_rs>.
    Found 3-bit register for signal <out_rt>.
    Found 1-bit register for signal <out_MemRead>.
    Summary:
	inferred  69 D-type flip-flop(s).
Unit <IDEX_Reg> synthesized.


Synthesizing Unit <Muxa>.
    Related source file is "//mac/home/Desktop/desptop/CPU_MIPS/Muxa.vhd".
    Found 16-bit 4-to-1 multiplexer for signal <src_out>.
    Summary:
	inferred  16 Multiplexer(s).
Unit <Muxa> synthesized.


Synthesizing Unit <Muxb>.
    Related source file is "//mac/home/Desktop/desptop/CPU_MIPS/Muxb.vhd".
    Found 16-bit 4-to-1 multiplexer for signal <reg_out>.
    Summary:
	inferred  16 Multiplexer(s).
Unit <Muxb> synthesized.


Synthesizing Unit <EXMEM_Reg>.
    Related source file is "//mac/home/Desktop/desptop/CPU_MIPS/EXMEM_Reg.vhd".
WARNING:Xst:647 - Input <rst> is never used. This port will be preserved and left unconnected if it belongs to a top-level block or it belongs to a sub-block and the hierarchy of this sub-block is preserved.
    Found 3-bit register for signal <out_RegDist>.
    Found 3-bit register for signal <out_RegWrite>.
    Found 1-bit register for signal <out_MemWrite>.
    Found 1-bit register for signal <out_MemtoReg>.
    Found 1-bit register for signal <out_MemRead>.
    Found 16-bit register for signal <out_alu_data>.
    Found 16-bit register for signal <out_regdata>.
    Summary:
	inferred  41 D-type flip-flop(s).
Unit <EXMEM_Reg> synthesized.


Synthesizing Unit <MEMWB_Reg>.
    Related source file is "//mac/home/Desktop/desptop/CPU_MIPS/MEMWB_Reg.vhd".
WARNING:Xst:647 - Input <rst> is never used. This port will be preserved and left unconnected if it belongs to a top-level block or it belongs to a sub-block and the hierarchy of this sub-block is preserved.
    Found 3-bit register for signal <out_RegDist>.
    Found 3-bit register for signal <out_RegWrite>.
    Found 16-bit register for signal <out_memdata>.
    Found 16-bit register for signal <out_data>.
    Summary:
	inferred  38 D-type flip-flop(s).
Unit <MEMWB_Reg> synthesized.


Synthesizing Unit <bypass_unit>.
    Related source file is "//mac/home/Desktop/desptop/CPU_MIPS/bypass_unit.vhd".
WARNING:Xst:647 - Input <alusrc> is never used. This port will be preserved and left unconnected if it belongs to a top-level block or it belongs to a sub-block and the hierarchy of this sub-block is preserved.
    Found 3-bit comparator equal for signal <forwarda$cmp_eq0001> created at line 23.
    Found 3-bit comparator equal for signal <forwarda$cmp_eq0005> created at line 24.
    Found 3-bit comparator equal for signal <forwardb$cmp_eq0000> created at line 33.
    Found 3-bit comparator equal for signal <forwardb$cmp_eq0001> created at line 34.
    Summary:
	inferred   4 Comparator(s).
Unit <bypass_unit> synthesized.


Synthesizing Unit <hazard_unit>.
    Related source file is "//mac/home/Desktop/desptop/CPU_MIPS/hazard_unit.vhd".
    Found 3-bit comparator equal for signal <pc_write$cmp_eq0000> created at line 23.
    Found 3-bit comparator equal for signal <pc_write$cmp_eq0001> created at line 26.
    Summary:
	inferred   2 Comparator(s).
Unit <hazard_unit> synthesized.


Synthesizing Unit <mymemory>.
    Related source file is "//mac/home/Desktop/desptop/CPU_MIPS/memory.vhd".
    Found 16-bit tristate buffer for signal <data_1>.
    Found 16-bit tristate buffer for signal <data_2>.
    Summary:
	inferred  32 Tristate(s).
Unit <mymemory> synthesized.


Synthesizing Unit <ALU>.
    Related source file is "//mac/home/Desktop/desptop/CPU_MIPS/alu.vhd".
    Found 16-bit addsub for signal <fout$addsub0000>.
    Found 16-bit comparator equal for signal <fout$cmp_eq0012> created at line 32.
    Found 16-bit comparator greatequal for signal <fout$cmp_ge0000> created at line 40.
    Found 16-bit shifter rotate left for signal <fout$shift0007> created at line 30.
    Found 16-bit shifter logical left for signal <fout$shift0008> created at line 27.
    Found 16-bit shifter logical right for signal <fout$shift0009> created at line 28.
    Found 16-bit shifter arithmetic right for signal <fout$shift0010> created at line 29.
    Found 16-bit xor2 for signal <fout$xor0000> created at line 25.
    Summary:
	inferred   1 Adder/Subtractor(s).
	inferred   2 Comparator(s).
	inferred   4 Combinational logic shifter(s).
Unit <ALU> synthesized.


Synthesizing Unit <Adder>.
    Related source file is "//mac/home/Desktop/desptop/CPU_MIPS/Adder.vhd".
    Found 16-bit adder for signal <res>.
    Summary:
	inferred   1 Adder/Subtractor(s).
Unit <Adder> synthesized.


Synthesizing Unit <cpu_16bit_top>.
    Related source file is "//mac/home/Desktop/desptop/CPU_MIPS/cpu_16bit_top.vhd".
WARNING:Xst:647 - Input <clk11> is never used. This port will be preserved and left unconnected if it belongs to a top-level block or it belongs to a sub-block and the hierarchy of this sub-block is preserved.
WARNING:Xst:647 - Input <clk50> is never used. This port will be preserved and left unconnected if it belongs to a top-level block or it belongs to a sub-block and the hierarchy of this sub-block is preserved.
WARNING:Xst:647 - Input <sw> is never used. This port will be preserved and left unconnected if it belongs to a top-level block or it belongs to a sub-block and the hierarchy of this sub-block is preserved.
WARNING:Xst:646 - Signal <MeMWB_Memdata> is assigned but never used. This unconnected signal will be trimmed during the optimization process.
WARNING:Xst:1780 - Signal <MEMWB_MemtoReg> is never used or assigned. This unconnected signal will be trimmed during the optimization process.
WARNING:Xst:1780 - Signal <HD_IFFlush> is never used or assigned. This unconnected signal will be trimmed during the optimization process.
Unit <cpu_16bit_top> synthesized.

INFO:Xst:1767 - HDL ADVISOR - Resource sharing has identified that some arithmetic operations in this design can share the same physical resources for reduced device utilization. For improved clock frequency you may try to disable resource sharing.

=========================================================================
HDL Synthesis Report

Macro Statistics
# ROMs                                                 : 1
 4x2-bit ROM                                           : 1
# Adders/Subtractors                                   : 3
 16-bit adder                                          : 2
 16-bit addsub                                         : 1
# Registers                                            : 38
 1-bit register                                        : 8
 16-bit register                                       : 21
 3-bit register                                        : 7
 4-bit register                                        : 2
# Latches                                              : 7
 1-bit latch                                           : 1
 16-bit latch                                          : 2
 3-bit latch                                           : 2
 4-bit latch                                           : 2
# Comparators                                          : 10
 16-bit comparator equal                               : 1
 16-bit comparator greatequal                          : 1
 3-bit comparator equal                                : 8
# Multiplexers                                         : 4
 16-bit 4-to-1 multiplexer                             : 3
 16-bit 8-to-1 multiplexer                             : 1
# Logic shifters                                       : 4
 16-bit shifter arithmetic right                       : 1
 16-bit shifter logical left                           : 1
 16-bit shifter logical right                          : 1
 16-bit shifter rotate left                            : 1
# Tristates                                            : 2
 16-bit tristate buffer                                : 2
# Xors                                                 : 1
 16-bit xor2                                           : 1

=========================================================================

=========================================================================
*                       Advanced HDL Synthesis                          *
=========================================================================


=========================================================================
Advanced HDL Synthesis Report

Macro Statistics
# ROMs                                                 : 1
 4x2-bit ROM                                           : 1
# Adders/Subtractors                                   : 3
 16-bit adder                                          : 2
 16-bit addsub                                         : 1
# Registers                                            : 373
 Flip-Flops                                            : 373
# Latches                                              : 7
 1-bit latch                                           : 1
 16-bit latch                                          : 2
 3-bit latch                                           : 2
 4-bit latch                                           : 2
# Comparators                                          : 10
 16-bit comparator equal                               : 1
 16-bit comparator greatequal                          : 1
 3-bit comparator equal                                : 8
# Multiplexers                                         : 19
 1-bit 8-to-1 multiplexer                              : 16
 16-bit 4-to-1 multiplexer                             : 3
# Logic shifters                                       : 4
 16-bit shifter arithmetic right                       : 1
 16-bit shifter logical left                           : 1
 16-bit shifter logical right                          : 1
 16-bit shifter rotate left                            : 1
# Xors                                                 : 1
 16-bit xor2                                           : 1

=========================================================================

=========================================================================
*                         Low Level Synthesis                           *
=========================================================================
WARNING:Xst:2170 - Unit ALU : the following signal(s) form a combinatorial loop: fout_shift0006<15>.

Optimizing unit <cpu_16bit_top> ...

Optimizing unit <PC> ...

Optimizing unit <IFID_Reg> ...

Optimizing unit <registers> ...

Optimizing unit <IDEX_Reg> ...

Optimizing unit <EXMEM_Reg> ...

Optimizing unit <MEMWB_Reg> ...

Optimizing unit <ALU> ...

Optimizing unit <ctrl_unit> ...

Optimizing unit <equal_unit> ...
WARNING:Xst:2677 - Node <u13/out_memdata_15> of sequential type is unconnected in block <cpu_16bit_top>.
WARNING:Xst:2677 - Node <u13/out_memdata_14> of sequential type is unconnected in block <cpu_16bit_top>.
WARNING:Xst:2677 - Node <u13/out_memdata_13> of sequential type is unconnected in block <cpu_16bit_top>.
WARNING:Xst:2677 - Node <u13/out_memdata_12> of sequential type is unconnected in block <cpu_16bit_top>.
WARNING:Xst:2677 - Node <u13/out_memdata_11> of sequential type is unconnected in block <cpu_16bit_top>.
WARNING:Xst:2677 - Node <u13/out_memdata_10> of sequential type is unconnected in block <cpu_16bit_top>.
WARNING:Xst:2677 - Node <u13/out_memdata_9> of sequential type is unconnected in block <cpu_16bit_top>.
WARNING:Xst:2677 - Node <u13/out_memdata_8> of sequential type is unconnected in block <cpu_16bit_top>.
WARNING:Xst:2677 - Node <u13/out_memdata_7> of sequential type is unconnected in block <cpu_16bit_top>.
WARNING:Xst:2677 - Node <u13/out_memdata_6> of sequential type is unconnected in block <cpu_16bit_top>.
WARNING:Xst:2677 - Node <u13/out_memdata_5> of sequential type is unconnected in block <cpu_16bit_top>.
WARNING:Xst:2677 - Node <u13/out_memdata_4> of sequential type is unconnected in block <cpu_16bit_top>.
WARNING:Xst:2677 - Node <u13/out_memdata_3> of sequential type is unconnected in block <cpu_16bit_top>.
WARNING:Xst:2677 - Node <u13/out_memdata_2> of sequential type is unconnected in block <cpu_16bit_top>.
WARNING:Xst:2677 - Node <u13/out_memdata_1> of sequential type is unconnected in block <cpu_16bit_top>.
WARNING:Xst:2677 - Node <u13/out_memdata_0> of sequential type is unconnected in block <cpu_16bit_top>.

Mapping all equations...
Building and optimizing final netlist ...
INFO:Xst:2261 - The FF/Latch <u6/out_MemtoReg> in Unit <cpu_16bit_top> is equivalent to the following FF/Latch, which will be removed : <u6/out_MemRead> 
INFO:Xst:2261 - The FF/Latch <u9/out_MemtoReg> in Unit <cpu_16bit_top> is equivalent to the following FF/Latch, which will be removed : <u9/out_MemRead> 
Found area constraint ratio of 100 (+ 5) on block cpu_16bit_top, actual ratio is 7.
FlipFlop u13/out_RegWrite_2 has been replicated 1 time(s)

Final Macro Processing ...

=========================================================================
Final Register Report

Macro Statistics
# Registers                                            : 356
 Flip-Flops                                            : 356

=========================================================================

=========================================================================
*                           Partition Report                            *
=========================================================================

Partition Implementation Status
-------------------------------

  No Partitions were found in this design.

-------------------------------

=========================================================================
*                            Final Report                               *
=========================================================================
Final Results
RTL Top Level Output File Name     : cpu_16bit_top.ngr
Top Level Output File Name         : cpu_16bit_top
Output Format                      : NGC
Optimization Goal                  : Speed
Keep Hierarchy                     : No

Design Statistics
# IOs                              : 129

Cell Usage :
# BELS                             : 1406
#      GND                         : 1
#      INV                         : 2
#      LUT1                        : 15
#      LUT2                        : 49
#      LUT2_D                      : 4
#      LUT2_L                      : 14
#      LUT3                        : 231
#      LUT3_D                      : 10
#      LUT3_L                      : 22
#      LUT4                        : 650
#      LUT4_D                      : 37
#      LUT4_L                      : 69
#      MUXCY                       : 69
#      MUXF5                       : 168
#      MUXF6                       : 16
#      VCC                         : 1
#      XORCY                       : 48
# FlipFlops/Latches                : 403
#      FD                          : 63
#      FDC                         : 64
#      FDCE                        : 16
#      FDE                         : 193
#      FDP                         : 4
#      FDRE                        : 15
#      FDSE                        : 1
#      LD                          : 31
#      LDE                         : 16
# Clock Buffers                    : 1
#      BUFGP                       : 1
# IO Buffers                       : 110
#      IBUF                        : 4
#      IOBUF                       : 32
#      OBUF                        : 74
=========================================================================

Device utilization summary:
---------------------------

Selected Device : 3s1200efg320-5 

 Number of Slices:                      582  out of   8672     6%  
 Number of Slice Flip Flops:            403  out of  17344     2%  
 Number of 4 input LUTs:               1103  out of  17344     6%  
 Number of IOs:                         129
 Number of bonded IOBs:                 111  out of    250    44%  
 Number of GCLKs:                         1  out of     24     4%  

---------------------------
Partition Resource Summary:
---------------------------

  No Partitions were found in this design.

---------------------------


=========================================================================
TIMING REPORT

NOTE: THESE TIMING NUMBERS ARE ONLY A SYNTHESIS ESTIMATE.
      FOR ACCURATE TIMING INFORMATION PLEASE REFER TO THE TRACE REPORT
      GENERATED AFTER PLACE-and-ROUTE.

Clock Information:
------------------
-------------------------------------------------+-------------------------+-------+
Clock Signal                                     | Clock buffer(FF name)   | Load  |
-------------------------------------------------+-------------------------+-------+
clk                                              | BUFGP                   | 356   |
u5/immediate_not0001(u5/immediate_not0001:O)     | NONE(*)(u5/immediate_15)| 17    |
u5/rega_not0001(u5/rega_not000185:O)             | NONE(*)(u5/rega_3)      | 10    |
u5/ALUOp_not0001(u5/ALUOp_not0001:O)             | NONE(*)(u5/ALUOp_3)     | 4     |
u12/jr_reg_cmp_eq0000(u12/jr_reg_cmp_eq0000_f5:O)| NONE(*)(u12/jr_reg_15)  | 16    |
-------------------------------------------------+-------------------------+-------+
(*) These 4 clock signal(s) are generated by combinatorial logic,
and XST is not able to identify which are the primary clock signals.
Please use the CLOCK_SIGNAL constraint to specify the clock signal(s) generated by combinatorial logic.
INFO:Xst:2169 - HDL ADVISOR - Some clock signals were not automatically buffered by XST with BUFG/BUFR resources. Please use the buffer_type constraint in order to insert these buffers to the clock signals to help prevent skew problems.

Asynchronous Control Signals Information:
----------------------------------------
-----------------------------------+------------------------+-------+
Control Signal                     | Buffer(FF name)        | Load  |
-----------------------------------+------------------------+-------+
HD_Ctrl_Flush(u10/ctrl_clear1:O)   | NONE(u6/out_ALUOp_0)   | 68    |
u2/rst_inv(u2/rst_inv1_INV_0:O)    | NONE(u2/PC_out_0)      | 16    |
-----------------------------------+------------------------+-------+

Timing Summary:
---------------
Speed Grade: -5

   Minimum period: 13.101ns (Maximum Frequency: 76.332MHz)
   Minimum input arrival time before clock: 3.490ns
   Maximum output required time after clock: 9.710ns
   Maximum combinational path delay: 5.670ns

Timing Detail:
--------------
All values displayed in nanoseconds (ns)

=========================================================================
Timing constraint: Default period analysis for Clock 'clk'
  Clock period: 13.101ns (frequency: 76.332MHz)
  Total number of paths / destination ports: 173159 / 550
-------------------------------------------------------------------------
Delay:               13.101ns (Levels of Logic = 10)
  Source:            u9/out_RegWrite_2 (FF)
  Destination:       u9/out_alu_data_15 (FF)
  Source Clock:      clk rising
  Destination Clock: clk rising

  Data Path: u9/out_RegWrite_2 to u9/out_alu_data_15
                                Gate     Net
    Cell:in->out      fanout   Delay   Delay  Logical Name (Net Name)
    ----------------------------------------  ------------
     FD:C->Q               5   0.514   0.690  u9/out_RegWrite_2 (u9/out_RegWrite_2)
     LUT3:I0->O            2   0.612   0.383  u14/forwardb_and000043 (u14/forwardb_and000043)
     LUT4_D:I3->O         24   0.612   1.067  u14/forwardb_and000055_1 (u14/forwardb_and000055)
     LUT4:I3->O            1   0.612   0.360  u8/src_out<12>16 (u8/src_out<12>16)
     LUT4:I3->O            6   0.612   0.638  u8/src_out<12>39 (EX_Muxb_oprandB<12>)
     LUT4:I1->O            3   0.612   0.603  u15/fout_or00044 (u15/fout_or00044)
     LUT3_D:I0->O         22   0.612   1.141  u15/fout_or000423 (u15/fout_or0004)
     LUT3_D:I0->O         14   0.612   0.853  u15/fout_shift0006<15>1 (u15/fout_shift0006<15>)
     LUT4:I3->O            1   0.612   0.360  u15/fout<11>101_SW0_SW0 (N553)
     LUT4_L:I3->LO         1   0.612   0.103  u15/fout<2>21_SW9 (N530)
     LUT4:I3->O            2   0.612   0.000  u15/fout<11>243 (EX_ALU_res<11>)
     FD:D                      0.268          u9/out_alu_data_11
    ----------------------------------------
    Total                     13.101ns (6.902ns logic, 6.199ns route)
                                       (52.7% logic, 47.3% route)

=========================================================================
Timing constraint: Default OFFSET IN BEFORE for Clock 'clk'
  Total number of paths / destination ports: 32 / 32
-------------------------------------------------------------------------
Offset:              2.396ns (Levels of Logic = 2)
  Source:            data_1<15> (PAD)
  Destination:       u13/out_data_15 (FF)
  Destination Clock: clk rising

  Data Path: data_1<15> to u13/out_data_15
                                Gate     Net
    Cell:in->out      fanout   Delay   Delay  Logical Name (Net Name)
    ----------------------------------------  ------------
     IOBUF:IO->O           2   1.106   0.410  data_1_15_IOBUF (N316)
     LUT3:I2->O            1   0.612   0.000  u13/out_data_mux0001<15>1 (u13/out_data_mux0001<15>)
     FD:D                      0.268          u13/out_data_15
    ----------------------------------------
    Total                      2.396ns (1.986ns logic, 0.410ns route)
                                       (82.9% logic, 17.1% route)

=========================================================================
Timing constraint: Default OFFSET IN BEFORE for Clock 'u12/jr_reg_cmp_eq0000'
  Total number of paths / destination ports: 16 / 16
-------------------------------------------------------------------------
Offset:              3.490ns (Levels of Logic = 3)
  Source:            data_1<15> (PAD)
  Destination:       u12/jr_reg_15 (LATCH)
  Destination Clock: u12/jr_reg_cmp_eq0000 falling

  Data Path: data_1<15> to u12/jr_reg_15
                                Gate     Net
    Cell:in->out      fanout   Delay   Delay  Logical Name (Net Name)
    ----------------------------------------  ------------
     IOBUF:IO->O           2   1.106   0.383  data_1_15_IOBUF (N316)
     LUT4:I3->O            1   0.612   0.509  u12/jr_reg_mux0002<15>_SW0 (N34)
     LUT4:I0->O            1   0.612   0.000  u12/jr_reg_mux0002<15> (u12/jr_reg_mux0002<15>)
     LDE:D                     0.268          u12/jr_reg_15
    ----------------------------------------
    Total                      3.490ns (2.598ns logic, 0.892ns route)
                                       (74.4% logic, 25.6% route)

=========================================================================
Timing constraint: Default OFFSET OUT AFTER for Clock 'clk'
  Total number of paths / destination ports: 886 / 93
-------------------------------------------------------------------------
Offset:              9.710ns (Levels of Logic = 5)
  Source:            u9/out_alu_data_15 (FF)
  Destination:       data_1<1> (PAD)
  Source Clock:      clk rising

  Data Path: u9/out_alu_data_15 to data_1<1>
                                Gate     Net
    Cell:in->out      fanout   Delay   Delay  Logical Name (Net Name)
    ----------------------------------------  ------------
     FD:C->Q              48   0.514   1.229  u9/out_alu_data_15 (u9/out_alu_data_15)
     LUT4:I0->O            1   0.612   0.509  memory0/data_1_cmp_eq000017 (memory0/data_1_cmp_eq000017)
     LUT4:I0->O           19   0.612   0.952  memory0/data_1_cmp_eq0000158 (memory0/en_1_and0000)
     LUT3:I2->O            2   0.612   0.532  memory0/data_1_mux0001<0>11 (N4)
     LUT3:I0->O            1   0.612   0.357  memory0/data_1_mux0001<1>1 (data_1_1_IOBUF)
     IOBUF:I->IO               3.169          data_1_1_IOBUF (data_1<1>)
    ----------------------------------------
    Total                      9.710ns (6.131ns logic, 3.579ns route)
                                       (63.1% logic, 36.9% route)

=========================================================================
Timing constraint: Default path analysis
  Total number of paths / destination ports: 3 / 2
-------------------------------------------------------------------------
Delay:               5.670ns (Levels of Logic = 3)
  Source:            tbre (PAD)
  Destination:       data_1<0> (PAD)

  Data Path: tbre to data_1<0>
                                Gate     Net
    Cell:in->out      fanout   Delay   Delay  Logical Name (Net Name)
    ----------------------------------------  ------------
     IBUF:I->O             1   1.106   0.426  tbre_IBUF (tbre_IBUF)
     LUT4:I1->O            1   0.612   0.357  memory0/data_1_mux0001<0>1 (data_1_0_IOBUF)
     IOBUF:I->IO               3.169          data_1_0_IOBUF (data_1<0>)
    ----------------------------------------
    Total                      5.670ns (4.887ns logic, 0.783ns route)
                                       (86.2% logic, 13.8% route)

=========================================================================


Total REAL time to Xst completion: 20.00 secs
Total CPU time to Xst completion: 20.30 secs
 
--> 

Total memory usage is 296264 kilobytes

Number of errors   :    0 (   0 filtered)
Number of warnings :   37 (   0 filtered)
Number of infos    :   13 (   0 filtered)

