--------------------------------------------------------------------------------
Release 14.2 Trace  (nt64)
Copyright (c) 1995-2012 Xilinx, Inc.  All rights reserved.

C:\Xilinx\14.2\ISE_DS\ISE\bin\nt64\unwrapped\trce.exe -intstyle ise -v 3 -s 5
-n 3 -fastpaths -xml cpu_16bit_top.twx cpu_16bit_top.ncd -o cpu_16bit_top.twr
cpu_16bit_top.pcf -ucf cpu_16bit_top.ucf

Design file:              cpu_16bit_top.ncd
Physical constraint file: cpu_16bit_top.pcf
Device,package,speed:     xc3s1200e,fg320,-5 (PRODUCTION 1.27 2012-07-09)
Report level:             verbose report

Environment Variable      Effect 
--------------------      ------ 
NONE                      No environment variables were set
--------------------------------------------------------------------------------

INFO:Timing:2698 - No timing constraints found, doing default enumeration.
INFO:Timing:3412 - To improve timing, see the Timing Closure User Guide (UG612).
INFO:Timing:2752 - To get complete path coverage, use the unconstrained paths 
   option. All paths that are not constrained will be reported in the 
   unconstrained paths section(s) of the report.
INFO:Timing:3339 - The clock-to-out numbers in this timing report are based on 
   a 50 Ohm transmission line loading model.  For the details of this model, 
   and for more information on accounting for different loading conditions, 
   please see the device datasheet.
INFO:Timing:3390 - This architecture does not support a default System Jitter 
   value, please add SYSTEM_JITTER constraint to the UCF to modify the Clock 
   Uncertainty calculation.
INFO:Timing:3389 - This architecture does not support 'Discrete Jitter' and 
   'Phase Error' calculations, these terms will be zero in the Clock 
   Uncertainty calculation.  Please make appropriate modification to 
   SYSTEM_JITTER to account for the unsupported Discrete Jitter and Phase 
   Error.



Data Sheet report:
-----------------
All values displayed in nanoseconds (ns)

Setup/Hold to clock clk50
------------+------------+------------+------------------+--------+
            |Max Setup to|Max Hold to |                  | Clock  |
Source      | clk (edge) | clk (edge) |Internal Clock(s) | Phase  |
------------+------------+------------+------------------+--------+
ps2_clk     |    1.309(R)|    0.375(R)|clk50_BUFGP       |   0.000|
ps2_data    |    0.506(R)|    1.014(R)|clk50_BUFGP       |   0.000|
------------+------------+------------+------------------+--------+

Clock clk50 to Pad
------------+------------+------------------+--------+
            | clk (edge) |                  | Clock  |
Destination |   to PAD   |Internal Clock(s) | Phase  |
------------+------------+------------------+--------+
en_1        |    9.867(R)|clk50_BUFGP       |   0.000|
oe_1        |    9.884(R)|clk50_BUFGP       |   0.000|
oe_2        |   10.002(R)|clk50_BUFGP       |   0.000|
rdn         |   12.197(R)|clk50_BUFGP       |   0.000|
we_1        |   10.106(R)|clk50_BUFGP       |   0.000|
we_2        |   11.219(R)|clk50_BUFGP       |   0.000|
wrn         |   11.371(R)|clk50_BUFGP       |   0.000|
------------+------------+------------------+--------+

Clock to Setup on destination clock clk11
---------------+---------+---------+---------+---------+
               | Src:Rise| Src:Fall| Src:Rise| Src:Fall|
Source Clock   |Dest:Rise|Dest:Rise|Dest:Fall|Dest:Fall|
---------------+---------+---------+---------+---------+
clk11          |    4.585|         |         |         |
---------------+---------+---------+---------+---------+

Clock to Setup on destination clock clk50
---------------+---------+---------+---------+---------+
               | Src:Rise| Src:Fall| Src:Rise| Src:Fall|
Source Clock   |Dest:Rise|Dest:Rise|Dest:Fall|Dest:Fall|
---------------+---------+---------+---------+---------+
clk50          |    9.631|         |         |         |
---------------+---------+---------+---------+---------+


Analysis completed Sat Dec 09 01:08:05 2017 
--------------------------------------------------------------------------------

Trace Settings:
-------------------------
Trace Settings 

Peak Memory Usage: 224 MB



