AR gram gram_a D:/17fall/ComputerOrganization/120903/GRam.vhd sub00/vhpl52 1512818135
EN equal_unit NULL D:/17fall/ComputerOrganization/120903/equal_unit.vhd sub00/vhpl21 1512818155
EN hazard_unit NULL D:/17fall/ComputerOrganization/120903/hazard_unit.vhd sub00/vhpl35 1512818169
AR gram spartan3e D:/17fall/ComputerOrganization/120903/ipcore_dir/GRam_synth.vhd sub00/vhpl53 1512818184
EN adder NULL D:/17fall/ComputerOrganization/120903/Adder.vhd sub00/vhpl41 1512818175
AR mymemory behavioral D:/17fall/ComputerOrganization/120903/memory.vhd sub00/vhpl38 1512818172
AR muxc behavioral D:/17fall/ComputerOrganization/120903/Muxc.vhd sub00/vhpl44 1512818178
EN vga_char NULL D:/17fall/ComputerOrganization/120903/vga_char.vhd sub00/vhpl03 1512818138
PH constants NULL D:/17fall/ComputerOrganization/120903/constants.vhd sub00/vhpl00 1512818132
EN memwb_reg NULL D:/17fall/ComputerOrganization/120903/MEMWB_Reg.vhd sub00/vhpl31 1512818165
AR muxa behavioral D:/17fall/ComputerOrganization/120903/Muxa.vhd sub00/vhpl26 1512818160
AR vga_char behavioral D:/17fall/ComputerOrganization/120903/vga_char.vhd sub00/vhpl04 1512818139
EN ps2_keyboard_to_ascii NULL D:/17fall/ComputerOrganization/120903/ps2_keyboard_to_ascii.vhd sub00/vhpl45 1512818179
EN bypass_unit NULL D:/17fall/ComputerOrganization/120903/bypass_unit.vhd sub00/vhpl33 1512818167
AR registers behavioral D:/17fall/ComputerOrganization/120903/registers.vhd sub00/vhpl18 1512818152
EN ctrl_unit NULL D:/17fall/ComputerOrganization/120903/ctrl_unit.vhd sub00/vhpl19 1512818153
EN flash NULL D:/17fall/ComputerOrganization/120903/flash.vhd sub00/vhpl09 1512818143
AR cpu_16bit_top behavioral D:/17fall/ComputerOrganization/120903/cpu_16bit_top.vhd sub00/vhpl50 1512818186
AR ifid_reg behavioral D:/17fall/ComputerOrganization/120903/IFID_Reg.vhd sub00/vhpl16 1512818150
EN muxa NULL D:/17fall/ComputerOrganization/120903/Muxa.vhd sub00/vhpl25 1512818159
EN muxb NULL D:/17fall/ComputerOrganization/120903/Muxb.vhd sub00/vhpl27 1512818161
EN muxc NULL D:/17fall/ComputerOrganization/120903/Muxc.vhd sub00/vhpl43 1512818177
EN pc NULL D:/17fall/ComputerOrganization/120903/pc.vhd sub00/vhpl13 1512818147
EN ifid_reg NULL D:/17fall/ComputerOrganization/120903/IFID_Reg.vhd sub00/vhpl15 1512818149
EN debounce NULL D:/17fall/ComputerOrganization/120903/debounce.vhd sub00/vhpl01 1512818136
EN vga NULL D:/17fall/ComputerOrganization/120903/vga.vhd sub00/vhpl47 1512818181
EN cpu_16bit_top NULL D:/17fall/ComputerOrganization/120903/cpu_16bit_top.vhd sub00/vhpl49 1512818185
EN idex_reg NULL D:/17fall/ComputerOrganization/120903/IDEX_Reg.vhd sub00/vhpl23 1512818157
AR equal_unit behavioral D:/17fall/ComputerOrganization/120903/equal_unit.vhd sub00/vhpl22 1512818156
AR debounce logic D:/17fall/ComputerOrganization/120903/debounce.vhd sub00/vhpl02 1512818137
EN gram NULL D:/17fall/ComputerOrganization/120903/ipcore_dir/GRam_synth.vhd sub00/vhpl51 1512818183
EN ps2_keyboard NULL D:/17fall/ComputerOrganization/120903/ps2_keyboard.vhd sub00/vhpl05 1512818140
AR ps2_keyboard logic D:/17fall/ComputerOrganization/120903/ps2_keyboard.vhd sub00/vhpl06 1512818141
AR ps2_keyboard_to_ascii behavior D:/17fall/ComputerOrganization/120903/ps2_keyboard_to_ascii.vhd sub00/vhpl46 1512818180
AR vga behavioral D:/17fall/ComputerOrganization/120903/vga.vhd sub00/vhpl48 1512818182
AR bypass_unit behavioral D:/17fall/ComputerOrganization/120903/bypass_unit.vhd sub00/vhpl34 1512818168
AR muxb behavioral D:/17fall/ComputerOrganization/120903/Muxb.vhd sub00/vhpl28 1512818162
AR memwb_reg behavioral D:/17fall/ComputerOrganization/120903/MEMWB_Reg.vhd sub00/vhpl32 1512818166
EN muxpc NULL D:/17fall/ComputerOrganization/120903/Muxpc.vhd sub00/vhpl11 1512818145
PH operation NULL D:/17fall/ComputerOrganization/120903/alu_defination.vhd sub00/vhpl07 1512818142
AR flash bhv D:/17fall/ComputerOrganization/120903/flash.vhd sub00/vhpl10 1512818144
EN exmem_reg NULL D:/17fall/ComputerOrganization/120903/EXMEM_Reg.vhd sub00/vhpl29 1512818163
AR adder behavioral D:/17fall/ComputerOrganization/120903/Adder.vhd sub00/vhpl42 1512818176
AR alu behavioral D:/17fall/ComputerOrganization/120903/alu.vhd sub00/vhpl40 1512818174
AR exmem_reg behavioral D:/17fall/ComputerOrganization/120903/EXMEM_Reg.vhd sub00/vhpl30 1512818164
AR idex_reg behavioral D:/17fall/ComputerOrganization/120903/IDEX_Reg.vhd sub00/vhpl24 1512818158
AR pc behavioral D:/17fall/ComputerOrganization/120903/pc.vhd sub00/vhpl14 1512818148
AR ctrl_unit behavioral D:/17fall/ComputerOrganization/120903/ctrl_unit.vhd sub00/vhpl20 1512818154
EN mymemory NULL D:/17fall/ComputerOrganization/120903/memory.vhd sub00/vhpl37 1512818171
AR muxpc behavioral D:/17fall/ComputerOrganization/120903/Muxpc.vhd sub00/vhpl12 1512818146
EN registers NULL D:/17fall/ComputerOrganization/120903/registers.vhd sub00/vhpl17 1512818151
EN alu NULL D:/17fall/ComputerOrganization/120903/alu.vhd sub00/vhpl39 1512818173
AR hazard_unit behavioral D:/17fall/ComputerOrganization/120903/hazard_unit.vhd sub00/vhpl36 1512818170
PH my_components NULL D:/17fall/ComputerOrganization/120903/components.vhd sub00/vhpl08 1512818133
