EN equal_unit NULL D:/17fall/ComputerOrganization/120501/CPU_MIPS/equal_unit.vhd sub00/vhpl19 1512549750
EN hazard_unit NULL D:/17fall/ComputerOrganization/120501/CPU_MIPS/hazard_unit.vhd sub00/vhpl33 1512549764
EN adder NULL D:/17fall/ComputerOrganization/120501/CPU_MIPS/Adder.vhd sub00/vhpl39 1512549770
AR mymemory behavioral D:/17fall/ComputerOrganization/120501/CPU_MIPS/memory.vhd sub00/vhpl36 1512549767
AR muxc behavioral D:/17fall/ComputerOrganization/120501/CPU_MIPS/Muxc.vhd sub00/vhpl42 1512549773
EN vga_char NULL D:/17fall/ComputerOrganization/120501/CPU_MIPS/vga_char.vhd sub00/vhpl03 1512549734
PH constants NULL D:/17fall/ComputerOrganization/120501/CPU_MIPS/constants.vhd sub00/vhpl00 1512549731
EN memwb_reg NULL D:/17fall/ComputerOrganization/120501/CPU_MIPS/MEMWB_Reg.vhd sub00/vhpl29 1512549760
AR muxa behavioral D:/17fall/ComputerOrganization/120501/CPU_MIPS/Muxa.vhd sub00/vhpl24 1512549755
AR vga_char behavioral D:/17fall/ComputerOrganization/120501/CPU_MIPS/vga_char.vhd sub00/vhpl04 1512549735
EN ps2_keyboard_to_ascii NULL D:/17fall/ComputerOrganization/120501/CPU_MIPS/ps2_keyboard_to_ascii.vhd sub00/vhpl43 1512549774
EN bypass_unit NULL D:/17fall/ComputerOrganization/120501/CPU_MIPS/bypass_unit.vhd sub00/vhpl31 1512549762
AR registers behavioral D:/17fall/ComputerOrganization/120501/CPU_MIPS/registers.vhd sub00/vhpl16 1512549747
EN ctrl_unit NULL D:/17fall/ComputerOrganization/120501/CPU_MIPS/ctrl_unit.vhd sub00/vhpl17 1512549748
AR cpu_16bit_top behavioral D:/17fall/ComputerOrganization/120501/CPU_MIPS/cpu_16bit_top.vhd sub00/vhpl48 1512549779
AR ifid_reg behavioral D:/17fall/ComputerOrganization/120501/CPU_MIPS/IFID_Reg.vhd sub00/vhpl14 1512549745
EN muxa NULL D:/17fall/ComputerOrganization/120501/CPU_MIPS/Muxa.vhd sub00/vhpl23 1512549754
EN muxb NULL D:/17fall/ComputerOrganization/120501/CPU_MIPS/Muxb.vhd sub00/vhpl25 1512549756
EN muxc NULL D:/17fall/ComputerOrganization/120501/CPU_MIPS/Muxc.vhd sub00/vhpl41 1512549772
EN pc NULL D:/17fall/ComputerOrganization/120501/CPU_MIPS/pc.vhd sub00/vhpl11 1512549742
EN ifid_reg NULL D:/17fall/ComputerOrganization/120501/CPU_MIPS/IFID_Reg.vhd sub00/vhpl13 1512549744
EN debounce NULL D:/17fall/ComputerOrganization/120501/CPU_MIPS/debounce.vhd sub00/vhpl01 1512549732
EN vga NULL D:/17fall/ComputerOrganization/120501/CPU_MIPS/vga.vhd sub00/vhpl45 1512549776
EN cpu_16bit_top NULL D:/17fall/ComputerOrganization/120501/CPU_MIPS/cpu_16bit_top.vhd sub00/vhpl47 1512549778
EN idex_reg NULL D:/17fall/ComputerOrganization/120501/CPU_MIPS/IDEX_Reg.vhd sub00/vhpl21 1512549752
AR equal_unit behavioral D:/17fall/ComputerOrganization/120501/CPU_MIPS/equal_unit.vhd sub00/vhpl20 1512549751
AR debounce logic D:/17fall/ComputerOrganization/120501/CPU_MIPS/debounce.vhd sub00/vhpl02 1512549733
EN ps2_keyboard NULL D:/17fall/ComputerOrganization/120501/CPU_MIPS/ps2_keyboard.vhd sub00/vhpl05 1512549736
AR ps2_keyboard logic D:/17fall/ComputerOrganization/120501/CPU_MIPS/ps2_keyboard.vhd sub00/vhpl06 1512549737
AR ps2_keyboard_to_ascii behavior D:/17fall/ComputerOrganization/120501/CPU_MIPS/ps2_keyboard_to_ascii.vhd sub00/vhpl44 1512549775
AR vga behavioral D:/17fall/ComputerOrganization/120501/CPU_MIPS/vga.vhd sub00/vhpl46 1512549777
AR bypass_unit behavioral D:/17fall/ComputerOrganization/120501/CPU_MIPS/bypass_unit.vhd sub00/vhpl32 1512549763
AR muxb behavioral D:/17fall/ComputerOrganization/120501/CPU_MIPS/Muxb.vhd sub00/vhpl26 1512549757
AR memwb_reg behavioral D:/17fall/ComputerOrganization/120501/CPU_MIPS/MEMWB_Reg.vhd sub00/vhpl30 1512549761
EN muxpc NULL D:/17fall/ComputerOrganization/120501/CPU_MIPS/Muxpc.vhd sub00/vhpl09 1512549740
PH operation NULL D:/17fall/ComputerOrganization/120501/CPU_MIPS/alu_defination.vhd sub00/vhpl07 1512549738
EN exmem_reg NULL D:/17fall/ComputerOrganization/120501/CPU_MIPS/EXMEM_Reg.vhd sub00/vhpl27 1512549758
AR adder behavioral D:/17fall/ComputerOrganization/120501/CPU_MIPS/Adder.vhd sub00/vhpl40 1512549771
AR alu behavioral D:/17fall/ComputerOrganization/120501/CPU_MIPS/alu.vhd sub00/vhpl38 1512549769
AR exmem_reg behavioral D:/17fall/ComputerOrganization/120501/CPU_MIPS/EXMEM_Reg.vhd sub00/vhpl28 1512549759
AR idex_reg behavioral D:/17fall/ComputerOrganization/120501/CPU_MIPS/IDEX_Reg.vhd sub00/vhpl22 1512549753
AR pc behavioral D:/17fall/ComputerOrganization/120501/CPU_MIPS/pc.vhd sub00/vhpl12 1512549743
AR ctrl_unit behavioral D:/17fall/ComputerOrganization/120501/CPU_MIPS/ctrl_unit.vhd sub00/vhpl18 1512549749
EN mymemory NULL D:/17fall/ComputerOrganization/120501/CPU_MIPS/memory.vhd sub00/vhpl35 1512549766
AR muxpc behavioral D:/17fall/ComputerOrganization/120501/CPU_MIPS/Muxpc.vhd sub00/vhpl10 1512549741
EN registers NULL D:/17fall/ComputerOrganization/120501/CPU_MIPS/registers.vhd sub00/vhpl15 1512549746
EN alu NULL D:/17fall/ComputerOrganization/120501/CPU_MIPS/alu.vhd sub00/vhpl37 1512549768
AR hazard_unit behavioral D:/17fall/ComputerOrganization/120501/CPU_MIPS/hazard_unit.vhd sub00/vhpl34 1512549765
PH my_components NULL D:/17fall/ComputerOrganization/120501/CPU_MIPS/components.vhd sub00/vhpl08 1512549739
