EN equal_unit NULL D:/17fall/ComputerOrganization/1208new/equal_unit.vhd sub00/vhpl21 1512740325
EN hazard_unit NULL D:/17fall/ComputerOrganization/1208new/hazard_unit.vhd sub00/vhpl35 1512740339
EN adder NULL D:/17fall/ComputerOrganization/1208new/Adder.vhd sub00/vhpl41 1512740345
AR mymemory behavioral D:/17fall/ComputerOrganization/1208new/memory.vhd sub00/vhpl38 1512740342
AR muxc behavioral D:/17fall/ComputerOrganization/1208new/Muxc.vhd sub00/vhpl44 1512740348
EN vga_char NULL D:/17fall/ComputerOrganization/1208new/vga_char.vhd sub00/vhpl03 1512740307
PH constants NULL D:/17fall/ComputerOrganization/1208new/constants.vhd sub00/vhpl00 1512740304
EN memwb_reg NULL D:/17fall/ComputerOrganization/1208new/MEMWB_Reg.vhd sub00/vhpl31 1512740335
AR muxa behavioral D:/17fall/ComputerOrganization/1208new/Muxa.vhd sub00/vhpl26 1512740330
AR vga_char behavioral D:/17fall/ComputerOrganization/1208new/vga_char.vhd sub00/vhpl04 1512740308
EN ps2_keyboard_to_ascii NULL D:/17fall/ComputerOrganization/1208new/ps2_keyboard_to_ascii.vhd sub00/vhpl45 1512740349
EN bypass_unit NULL D:/17fall/ComputerOrganization/1208new/bypass_unit.vhd sub00/vhpl33 1512740337
AR registers behavioral D:/17fall/ComputerOrganization/1208new/registers.vhd sub00/vhpl18 1512740322
EN ctrl_unit NULL D:/17fall/ComputerOrganization/1208new/ctrl_unit.vhd sub00/vhpl19 1512740323
EN flash NULL D:/17fall/ComputerOrganization/1208new/flash.vhd sub00/vhpl09 1512740313
AR cpu_16bit_top behavioral D:/17fall/ComputerOrganization/1208new/cpu_16bit_top.vhd sub00/vhpl50 1512740354
AR ifid_reg behavioral D:/17fall/ComputerOrganization/1208new/IFID_Reg.vhd sub00/vhpl16 1512740320
EN muxa NULL D:/17fall/ComputerOrganization/1208new/Muxa.vhd sub00/vhpl25 1512740329
EN muxb NULL D:/17fall/ComputerOrganization/1208new/Muxb.vhd sub00/vhpl27 1512740331
EN muxc NULL D:/17fall/ComputerOrganization/1208new/Muxc.vhd sub00/vhpl43 1512740347
EN pc NULL D:/17fall/ComputerOrganization/1208new/pc.vhd sub00/vhpl13 1512740317
EN ifid_reg NULL D:/17fall/ComputerOrganization/1208new/IFID_Reg.vhd sub00/vhpl15 1512740319
EN debounce NULL D:/17fall/ComputerOrganization/1208new/debounce.vhd sub00/vhpl01 1512740305
EN vga NULL D:/17fall/ComputerOrganization/1208new/vga.vhd sub00/vhpl47 1512740351
EN cpu_16bit_top NULL D:/17fall/ComputerOrganization/1208new/cpu_16bit_top.vhd sub00/vhpl49 1512740353
EN idex_reg NULL D:/17fall/ComputerOrganization/1208new/IDEX_Reg.vhd sub00/vhpl23 1512740327
AR equal_unit behavioral D:/17fall/ComputerOrganization/1208new/equal_unit.vhd sub00/vhpl22 1512740326
AR debounce logic D:/17fall/ComputerOrganization/1208new/debounce.vhd sub00/vhpl02 1512740306
EN ps2_keyboard NULL D:/17fall/ComputerOrganization/1208new/ps2_keyboard.vhd sub00/vhpl05 1512740309
AR ps2_keyboard logic D:/17fall/ComputerOrganization/1208new/ps2_keyboard.vhd sub00/vhpl06 1512740310
AR ps2_keyboard_to_ascii behavior D:/17fall/ComputerOrganization/1208new/ps2_keyboard_to_ascii.vhd sub00/vhpl46 1512740350
AR vga behavioral D:/17fall/ComputerOrganization/1208new/vga.vhd sub00/vhpl48 1512740352
AR bypass_unit behavioral D:/17fall/ComputerOrganization/1208new/bypass_unit.vhd sub00/vhpl34 1512740338
AR muxb behavioral D:/17fall/ComputerOrganization/1208new/Muxb.vhd sub00/vhpl28 1512740332
AR memwb_reg behavioral D:/17fall/ComputerOrganization/1208new/MEMWB_Reg.vhd sub00/vhpl32 1512740336
EN muxpc NULL D:/17fall/ComputerOrganization/1208new/Muxpc.vhd sub00/vhpl11 1512740315
PH operation NULL D:/17fall/ComputerOrganization/1208new/alu_defination.vhd sub00/vhpl07 1512740311
AR flash bhv D:/17fall/ComputerOrganization/1208new/flash.vhd sub00/vhpl10 1512740314
EN exmem_reg NULL D:/17fall/ComputerOrganization/1208new/EXMEM_Reg.vhd sub00/vhpl29 1512740333
AR adder behavioral D:/17fall/ComputerOrganization/1208new/Adder.vhd sub00/vhpl42 1512740346
AR alu behavioral D:/17fall/ComputerOrganization/1208new/alu.vhd sub00/vhpl40 1512740344
AR exmem_reg behavioral D:/17fall/ComputerOrganization/1208new/EXMEM_Reg.vhd sub00/vhpl30 1512740334
AR idex_reg behavioral D:/17fall/ComputerOrganization/1208new/IDEX_Reg.vhd sub00/vhpl24 1512740328
AR pc behavioral D:/17fall/ComputerOrganization/1208new/pc.vhd sub00/vhpl14 1512740318
AR ctrl_unit behavioral D:/17fall/ComputerOrganization/1208new/ctrl_unit.vhd sub00/vhpl20 1512740324
EN mymemory NULL D:/17fall/ComputerOrganization/1208new/memory.vhd sub00/vhpl37 1512740341
AR muxpc behavioral D:/17fall/ComputerOrganization/1208new/Muxpc.vhd sub00/vhpl12 1512740316
EN registers NULL D:/17fall/ComputerOrganization/1208new/registers.vhd sub00/vhpl17 1512740321
EN alu NULL D:/17fall/ComputerOrganization/1208new/alu.vhd sub00/vhpl39 1512740343
AR hazard_unit behavioral D:/17fall/ComputerOrganization/1208new/hazard_unit.vhd sub00/vhpl36 1512740340
PH my_components NULL D:/17fall/ComputerOrganization/1208new/components.vhd sub00/vhpl08 1512740312
